annotations:
  alb.ingress.kubernetes.io/actions.ssl-redirect: '{"Type": "redirect", "RedirectConfig":
    { "Protocol": "HTTPS", "Port": "443", "StatusCode": "HTTP_301"}}'
  alb.ingress.kubernetes.io/certificate-arn: arn:which:isnt:an:arn

---
