apiVersion: apps/v1
kind: Deployment
metadata:
  name: dummy-app
spec:
  replicas: 1
  selector:
    matchLabels:
      app: dummy-app
  template:
    metadata:
      labels:
        app: dummy-app
    spec:
      containers:
      - image: dummygres:0.1.0
        name: dummy-app

---

